// Jest Snapshot v1, https://goo.gl/fbAQLP

exports[`one returns number on 1`] = `"number one"`;

exports[`two returns number two 1`] = `"number two"`;
